hdoop@ubuntu:~/Documents$ ls
empIse.jar  EmployeeIse.jar  IseCount.jar  LA2.csv  output.txt
hdoop@ubuntu:~/Documents$ hadoop fs -ls
Found 3 items
-rw-r--r--   1 hdoop supergroup        624 2021-07-07 03:19 LA2.csv
drwxr-xr-x   - hdoop supergroup          0 2021-05-04 22:01 bharat
drwxr-xr-x   - hdoop supergroup          0 2021-07-07 11:18 input
hdoop@ubuntu:~/Documents$ hadoop fs -mkdir inputdir
hdoop@ubuntu:~/Documents$ hadoop fs -ls
Found 4 items
-rw-r--r--   1 hdoop supergroup        624 2021-07-07 03:19 LA2.csv
drwxr-xr-x   - hdoop supergroup          0 2021-05-04 22:01 bharat
drwxr-xr-x   - hdoop supergroup          0 2021-07-07 11:18 input
drwxr-xr-x   - hdoop supergroup          0 2021-07-08 00:29 inputdir
hdoop@ubuntu:~/Documents$ hadoop fs -copyFromLocal LA2.csv input
copyFromLocal: `input/LA2.csv': File exists
hdoop@ubuntu:~/Documents$ hadoop fs -copyFromLocal LA2.csv inputdir
2021-07-08 00:32:45,589 INFO sasl.SaslDataTransferClient: SASL encryption trust check: localHostTrusted = false, remoteHostTrusted = false
hdoop@ubuntu:~/Documents$ hadoop fs -ls inputdir
Found 1 items
-rw-r--r--   1 hdoop supergroup        624 2021-07-08 00:32 inputdir/LA2.csv
hdoop@ubuntu:~/Documents$ hadoop jar IseCount.jar inputdir inputdir/output
2021-07-08 00:36:14,890 INFO client.RMProxy: Connecting to ResourceManager at /127.0.0.1:8032
2021-07-08 00:36:39,822 INFO client.RMProxy: Connecting to ResourceManager at /127.0.0.1:8032
2021-07-08 00:36:43,810 WARN mapreduce.JobResourceUploader: Hadoop command-line option parsing not performed. Implement the Tool interface and execute your application with ToolRunner to remedy this.
2021-07-08 00:36:44,169 INFO mapreduce.JobResourceUploader: Disabling Erasure Coding for path: /tmp/hadoop-yarn/staging/hdoop/.staging/job_1625729229530_0001
2021-07-08 00:36:44,557 INFO sasl.SaslDataTransferClient: SASL encryption trust check: localHostTrusted = false, remoteHostTrusted = false
2021-07-08 00:36:46,512 INFO mapred.FileInputFormat: Total input files to process : 1
2021-07-08 00:36:46,807 INFO sasl.SaslDataTransferClient: SASL encryption trust check: localHostTrusted = false, remoteHostTrusted = false
2021-07-08 00:36:46,930 INFO sasl.SaslDataTransferClient: SASL encryption trust check: localHostTrusted = false, remoteHostTrusted = false
2021-07-08 00:36:46,941 INFO mapreduce.JobSubmitter: number of splits:2
2021-07-08 00:36:53,808 INFO sasl.SaslDataTransferClient: SASL encryption trust check: localHostTrusted = false, remoteHostTrusted = false
2021-07-08 00:36:54,413 INFO mapreduce.JobSubmitter: Submitting tokens for job: job_1625729229530_0001
2021-07-08 00:36:54,414 INFO mapreduce.JobSubmitter: Executing with tokens: []
2021-07-08 00:37:04,708 INFO conf.Configuration: resource-types.xml not found
2021-07-08 00:37:04,744 INFO resource.ResourceUtils: Unable to find 'resource-types.xml'.
2021-07-08 00:38:36,597 INFO impl.YarnClientImpl: Submitted application application_1625729229530_0001
2021-07-08 00:38:42,302 INFO mapreduce.Job: The url to track the job: http://ubuntu:8088/proxy/application_1625729229530_0001/
2021-07-08 00:38:42,640 INFO mapreduce.Job: Running job: job_1625729229530_0001
2021-07-08 00:40:13,873 INFO mapreduce.Job: Job job_1625729229530_0001 running in uber mode : false
2021-07-08 00:40:13,875 INFO mapreduce.Job:  map 0% reduce 0%
2021-07-08 00:42:55,726 INFO mapreduce.Job:  map 67% reduce 0%
2021-07-08 00:43:20,583 INFO mapreduce.Job:  map 83% reduce 0%
2021-07-08 00:43:32,716 INFO mapreduce.Job:  map 100% reduce 0%
2021-07-08 00:44:34,937 INFO mapreduce.Job:  map 100% reduce 100%
2021-07-08 00:44:35,952 INFO mapreduce.Job: Job job_1625729229530_0001 completed successfully
2021-07-08 00:44:36,361 INFO mapreduce.Job: Counters: 54
	File System Counters
		FILE: Number of bytes read=124
		FILE: Number of bytes written=677740
		FILE: Number of read operations=0
		FILE: Number of large read operations=0
		FILE: Number of write operations=0
		HDFS: Number of bytes read=1138
		HDFS: Number of bytes written=55
		HDFS: Number of read operations=11
		HDFS: Number of large read operations=0
		HDFS: Number of write operations=2
		HDFS: Number of bytes read erasure-coded=0
	Job Counters 
		Launched map tasks=2
		Launched reduce tasks=1
		Data-local map tasks=2
		Total time spent by all maps in occupied slots (ms)=384997
		Total time spent by all reduces in occupied slots (ms)=44154
		Total time spent by all map tasks (ms)=384997
		Total time spent by all reduce tasks (ms)=44154
		Total vcore-milliseconds taken by all map tasks=384997
		Total vcore-milliseconds taken by all reduce tasks=44154
		Total megabyte-milliseconds taken by all map tasks=394236928
		Total megabyte-milliseconds taken by all reduce tasks=45213696
	Map-Reduce Framework
		Map input records=20
		Map output records=9
		Map output bytes=513
		Map output materialized bytes=130
		Input split bytes=202
		Combine input records=9
		Combine output records=2
		Reduce input groups=1
		Reduce shuffle bytes=130
		Reduce input records=2
		Reduce output records=1
		Spilled Records=4
		Shuffled Maps =2
		Failed Shuffles=0
		Merged Map outputs=2
		GC time elapsed (ms)=37962
		CPU time spent (ms)=106050
		Physical memory (bytes) snapshot=599937024
		Virtual memory (bytes) snapshot=7746965504
		Total committed heap usage (bytes)=476577792
		Peak Map Physical memory (bytes)=235298816
		Peak Map Virtual memory (bytes)=2579709952
		Peak Reduce Physical memory (bytes)=132005888
		Peak Reduce Virtual memory (bytes)=2588520448
	Shuffle Errors
		BAD_ID=0
		CONNECTION=0
		IO_ERROR=0
		WRONG_LENGTH=0
		WRONG_MAP=0
		WRONG_REDUCE=0
	File Input Format Counters 
		Bytes Read=936
	File Output Format Counters 
		Bytes Written=55
hdoop@ubuntu:~/Documents$ hadoop fs -ls inputdir/output
Found 2 items
-rw-r--r--   1 hdoop supergroup          0 2021-07-08 00:44 inputdir/output/_SUCCESS
-rw-r--r--   1 hdoop supergroup         55 2021-07-08 00:44 inputdir/output/part-00000
hdoop@ubuntu:~/Documents$ hadoop fs -cat inputdir/output/part-00000
2021-07-08 00:49:15,970 INFO sasl.SaslDataTransferClient: SASL encryption trust check: localHostTrusted = false, remoteHostTrusted = false
Number employees that belong to ISE department are: 	9
hdoop@ubuntu:~/Documents$ ls
empIse.jar  EmployeeIse.jar  Exp5.jar  IseCount.jar  LA2.csv  output.txt
hdoop@ubuntu:~/Documents$ hadoop fs -ls inputdir
Found 2 items
-rw-r--r--   1 hdoop supergroup        624 2021-07-08 00:32 inputdir/LA2.csv
drwxr-xr-x   - hdoop supergroup          0 2021-07-08 00:44 inputdir/output
hdoop@ubuntu:~/Documents$ hadoop fs -mkdir inputexp
hdoop@ubuntu:~/Documents$ hadoop fs -ls
Found 5 items
-rw-r--r--   1 hdoop supergroup        624 2021-07-07 03:19 LA2.csv
drwxr-xr-x   - hdoop supergroup          0 2021-05-04 22:01 bharat
drwxr-xr-x   - hdoop supergroup          0 2021-07-07 11:18 input
drwxr-xr-x   - hdoop supergroup          0 2021-07-08 00:40 inputdir
drwxr-xr-x   - hdoop supergroup          0 2021-07-08 01:04 inputexp
hdoop@ubuntu:~/Documents$ hadoop fs -copyFromLocal LA2.csv inputexp
2021-07-08 01:04:57,225 INFO sasl.SaslDataTransferClient: SASL encryption trust check: localHostTrusted = false, remoteHostTrusted = false
hdoop@ubuntu:~/Documents$ hadoop fs -ls inputexp
Found 1 items
-rw-r--r--   1 hdoop supergroup        624 2021-07-08 01:04 inputexp/LA2.csv
hdoop@ubuntu:~/Documents$ hadoop jar Exp5.jar inputexp inputexp/output
2021-07-08 01:06:40,290 INFO client.RMProxy: Connecting to ResourceManager at /127.0.0.1:8032
2021-07-08 01:06:40,619 INFO client.RMProxy: Connecting to ResourceManager at /127.0.0.1:8032
2021-07-08 01:06:40,887 WARN mapreduce.JobResourceUploader: Hadoop command-line option parsing not performed. Implement the Tool interface and execute your application with ToolRunner to remedy this.
2021-07-08 01:06:40,924 INFO mapreduce.JobResourceUploader: Disabling Erasure Coding for path: /tmp/hadoop-yarn/staging/hdoop/.staging/job_1625729229530_0004
2021-07-08 01:06:41,206 INFO sasl.SaslDataTransferClient: SASL encryption trust check: localHostTrusted = false, remoteHostTrusted = false
2021-07-08 01:06:41,529 INFO mapred.FileInputFormat: Total input files to process : 1
2021-07-08 01:06:41,571 INFO sasl.SaslDataTransferClient: SASL encryption trust check: localHostTrusted = false, remoteHostTrusted = false
2021-07-08 01:06:41,635 INFO sasl.SaslDataTransferClient: SASL encryption trust check: localHostTrusted = false, remoteHostTrusted = false
2021-07-08 01:06:41,646 INFO mapreduce.JobSubmitter: number of splits:2
2021-07-08 01:06:42,057 INFO sasl.SaslDataTransferClient: SASL encryption trust check: localHostTrusted = false, remoteHostTrusted = false
2021-07-08 01:06:42,099 INFO mapreduce.JobSubmitter: Submitting tokens for job: job_1625729229530_0004
2021-07-08 01:06:42,099 INFO mapreduce.JobSubmitter: Executing with tokens: []
2021-07-08 01:06:43,461 INFO conf.Configuration: resource-types.xml not found
2021-07-08 01:06:43,461 INFO resource.ResourceUtils: Unable to find 'resource-types.xml'.
2021-07-08 01:06:44,326 INFO impl.YarnClientImpl: Submitted application application_1625729229530_0004
2021-07-08 01:06:45,548 INFO mapreduce.Job: The url to track the job: http://ubuntu:8088/proxy/application_1625729229530_0004/
2021-07-08 01:06:45,558 INFO mapreduce.Job: Running job: job_1625729229530_0004
2021-07-08 01:07:10,415 INFO mapreduce.Job: Job job_1625729229530_0004 running in uber mode : false
2021-07-08 01:07:10,417 INFO mapreduce.Job:  map 0% reduce 0%
2021-07-08 01:08:23,812 INFO mapreduce.Job:  map 100% reduce 0%
2021-07-08 01:09:38,468 INFO mapreduce.Job:  map 100% reduce 100%
2021-07-08 01:09:39,491 INFO mapreduce.Job: Job job_1625729229530_0004 completed successfully
2021-07-08 01:09:39,801 INFO mapreduce.Job: Counters: 54
	File System Counters
		FILE: Number of bytes read=126
		FILE: Number of bytes written=677765
		FILE: Number of read operations=0
		FILE: Number of large read operations=0
		FILE: Number of write operations=0
		HDFS: Number of bytes read=1138
		HDFS: Number of bytes written=56
		HDFS: Number of read operations=11
		HDFS: Number of large read operations=0
		HDFS: Number of write operations=2
		HDFS: Number of bytes read erasure-coded=0
	Job Counters 
		Launched map tasks=2
		Launched reduce tasks=1
		Data-local map tasks=2
		Total time spent by all maps in occupied slots (ms)=142198
		Total time spent by all reduces in occupied slots (ms)=34642
		Total time spent by all map tasks (ms)=142198
		Total time spent by all reduce tasks (ms)=34642
		Total vcore-milliseconds taken by all map tasks=142198
		Total vcore-milliseconds taken by all reduce tasks=34642
		Total megabyte-milliseconds taken by all map tasks=145610752
		Total megabyte-milliseconds taken by all reduce tasks=35473408
	Map-Reduce Framework
		Map input records=20
		Map output records=6
		Map output bytes=348
		Map output materialized bytes=132
		Input split bytes=202
		Combine input records=6
		Combine output records=2
		Reduce input groups=1
		Reduce shuffle bytes=132
		Reduce input records=2
		Reduce output records=1
		Spilled Records=4
		Shuffled Maps =2
		Failed Shuffles=0
		Merged Map outputs=2
		GC time elapsed (ms)=2113
		CPU time spent (ms)=13740
		Physical memory (bytes) snapshot=631562240
		Virtual memory (bytes) snapshot=7743369216
		Total committed heap usage (bytes)=502792192
		Peak Map Physical memory (bytes)=268005376
		Peak Map Virtual memory (bytes)=2577530880
		Peak Reduce Physical memory (bytes)=134594560
		Peak Reduce Virtual memory (bytes)=2588610560
	Shuffle Errors
		BAD_ID=0
		CONNECTION=0
		IO_ERROR=0
		WRONG_LENGTH=0
		WRONG_MAP=0
		WRONG_REDUCE=0
	File Input Format Counters 
		Bytes Read=936
	File Output Format Counters 
		Bytes Written=56
hdoop@ubuntu:~/Documents$ hadoop fs -ls inputexp/output
Found 2 items
-rw-r--r--   1 hdoop supergroup          0 2021-07-08 01:09 inputexp/output/_SUCCESS
-rw-r--r--   1 hdoop supergroup         56 2021-07-08 01:09 inputexp/output/part-00000
hdoop@ubuntu:~/Documents$ hadoop fs -cat inputexp/output/part-00000
2021-07-08 01:13:12,150 INFO sasl.SaslDataTransferClient: SASL encryption trust check: localHostTrusted = false, remoteHostTrusted = false
Number of employees with experience equal to 5 are : 	6
hdoop@ubuntu:~/Documents$ hadoop fs -mkdir inputBangalore
hdoop@ubuntu:~/Documents$ hadoop fs -ls
Found 6 items
-rw-r--r--   1 hdoop supergroup        624 2021-07-07 03:19 LA2.csv
drwxr-xr-x   - hdoop supergroup          0 2021-05-04 22:01 bharat
drwxr-xr-x   - hdoop supergroup          0 2021-07-07 11:18 input
drwxr-xr-x   - hdoop supergroup          0 2021-07-08 01:24 inputBangalore
drwxr-xr-x   - hdoop supergroup          0 2021-07-08 00:40 inputdir
drwxr-xr-x   - hdoop supergroup          0 2021-07-08 01:07 inputexp
hdoop@ubuntu:~/Documents$ hadoop fs -copyFromLocal LA2.csv inputBangalore
2021-07-08 01:24:59,547 INFO sasl.SaslDataTransferClient: SASL encryption trust check: localHostTrusted = false, remoteHostTrusted = false
hdoop@ubuntu:~/Documents$ ls
BangaloreEmp.jar  empIse.jar  EmployeeIse.jar  Exp5.jar  IseCount.jar  LA2.csv  output.txt
hdoop@ubuntu:~/Documents$ hadoop fs -ls inputBangalore
Found 1 items
-rw-r--r--   1 hdoop supergroup        624 2021-07-08 01:25 inputBangalore/LA2.csv
hdoop@ubuntu:~/Documents$ hadoop jar BangaloreEmp.jar inputBangalore inputBangalore/output
2021-07-08 01:26:22,683 INFO client.RMProxy: Connecting to ResourceManager at /127.0.0.1:8032
2021-07-08 01:26:23,141 INFO client.RMProxy: Connecting to ResourceManager at /127.0.0.1:8032
2021-07-08 01:26:23,954 WARN mapreduce.JobResourceUploader: Hadoop command-line option parsing not performed. Implement the Tool interface and execute your application with ToolRunner to remedy this.
2021-07-08 01:26:24,024 INFO mapreduce.JobResourceUploader: Disabling Erasure Coding for path: /tmp/hadoop-yarn/staging/hdoop/.staging/job_1625729229530_0005
2021-07-08 01:26:24,405 INFO sasl.SaslDataTransferClient: SASL encryption trust check: localHostTrusted = false, remoteHostTrusted = false
2021-07-08 01:26:25,198 INFO mapred.FileInputFormat: Total input files to process : 1
2021-07-08 01:26:25,386 INFO sasl.SaslDataTransferClient: SASL encryption trust check: localHostTrusted = false, remoteHostTrusted = false
2021-07-08 01:26:25,551 INFO sasl.SaslDataTransferClient: SASL encryption trust check: localHostTrusted = false, remoteHostTrusted = false
2021-07-08 01:26:26,045 INFO mapreduce.JobSubmitter: number of splits:2
2021-07-08 01:26:26,314 INFO sasl.SaslDataTransferClient: SASL encryption trust check: localHostTrusted = false, remoteHostTrusted = false
2021-07-08 01:26:26,403 INFO mapreduce.JobSubmitter: Submitting tokens for job: job_1625729229530_0005
2021-07-08 01:26:26,404 INFO mapreduce.JobSubmitter: Executing with tokens: []
2021-07-08 01:26:27,683 INFO conf.Configuration: resource-types.xml not found
2021-07-08 01:26:27,684 INFO resource.ResourceUtils: Unable to find 'resource-types.xml'.
2021-07-08 01:26:28,551 INFO impl.YarnClientImpl: Submitted application application_1625729229530_0005
2021-07-08 01:26:28,893 INFO mapreduce.Job: The url to track the job: http://ubuntu:8088/proxy/application_1625729229530_0005/
2021-07-08 01:26:28,896 INFO mapreduce.Job: Running job: job_1625729229530_0005
2021-07-08 01:26:53,295 INFO mapreduce.Job: Job job_1625729229530_0005 running in uber mode : false
2021-07-08 01:26:53,297 INFO mapreduce.Job:  map 0% reduce 0%
2021-07-08 01:27:39,992 INFO mapreduce.Job:  map 100% reduce 0%
2021-07-08 01:28:16,416 INFO mapreduce.Job:  map 100% reduce 100%
2021-07-08 01:28:18,438 INFO mapreduce.Job: Job job_1625729229530_0005 completed successfully
2021-07-08 01:28:18,898 INFO mapreduce.Job: Counters: 54
	File System Counters
		FILE: Number of bytes read=124
		FILE: Number of bytes written=677785
		FILE: Number of read operations=0
		FILE: Number of large read operations=0
		FILE: Number of write operations=0
		HDFS: Number of bytes read=1150
		HDFS: Number of bytes written=55
		HDFS: Number of read operations=11
		HDFS: Number of large read operations=0
		HDFS: Number of write operations=2
		HDFS: Number of bytes read erasure-coded=0
	Job Counters 
		Launched map tasks=2
		Launched reduce tasks=1
		Data-local map tasks=2
		Total time spent by all maps in occupied slots (ms)=87160
		Total time spent by all reduces in occupied slots (ms)=30983
		Total time spent by all map tasks (ms)=87160
		Total time spent by all reduce tasks (ms)=30983
		Total vcore-milliseconds taken by all map tasks=87160
		Total vcore-milliseconds taken by all reduce tasks=30983
		Total megabyte-milliseconds taken by all map tasks=89251840
		Total megabyte-milliseconds taken by all reduce tasks=31726592
	Map-Reduce Framework
		Map input records=20
		Map output records=4
		Map output bytes=228
		Map output materialized bytes=130
		Input split bytes=214
		Combine input records=4
		Combine output records=2
		Reduce input groups=1
		Reduce shuffle bytes=130
		Reduce input records=2
		Reduce output records=1
		Spilled Records=4
		Shuffled Maps =2
		Failed Shuffles=0
		Merged Map outputs=2
		GC time elapsed (ms)=9046
		CPU time spent (ms)=18580
		Physical memory (bytes) snapshot=616419328
		Virtual memory (bytes) snapshot=7749181440
		Total committed heap usage (bytes)=493355008
		Peak Map Physical memory (bytes)=236437504
		Peak Map Virtual memory (bytes)=2580451328
		Peak Reduce Physical memory (bytes)=146214912
		Peak Reduce Virtual memory (bytes)=2588581888
	Shuffle Errors
		BAD_ID=0
		CONNECTION=0
		IO_ERROR=0
		WRONG_LENGTH=0
		WRONG_MAP=0
		WRONG_REDUCE=0
	File Input Format Counters 
		Bytes Read=936
	File Output Format Counters 
		Bytes Written=55
hdoop@ubuntu:~/Documents$ hadoop fs -ls inputBangalore/output
Found 2 items
-rw-r--r--   1 hdoop supergroup          0 2021-07-08 01:28 inputBangalore/output/_SUCCESS
-rw-r--r--   1 hdoop supergroup         55 2021-07-08 01:28 inputBangalore/output/part-00000
hdoop@ubuntu:~/Documents$ hadoop fs -cat inputBangalore/output/part-00000
2021-07-08 01:30:40,194 INFO sasl.SaslDataTransferClient: SASL encryption trust check: localHostTrusted = false, remoteHostTrusted = false
Number of employees that reside from Bangalore are: 	4
hdoop@ubuntu:~/Documents$ hadoop jar BangaloreEmp.jar inputBangalore inputBangalore/output

